MSBuild version 17.14.40+3e7442088 for .NET Framework

D:\GameCreation\GenesisEngine\src\GE_voxel_coupling.cpp(398,35): error : use of undeclared identifier 'clamp_q15_u16'; did you mean 'clamp_u16'? [D:\GameCreation\GenesisEngine\out\build\win64-vs2022-clang-vulkan\EigenWareCore.vcxproj]
D:\GameCreation\GenesisEngine\include\fixed_point.hpp(53,17): message : 'clamp_u16' declared here [D:\GameCreation\GenesisEngine\out\build\win64-vs2022-clang-vulkan\EigenWareCore.vcxproj]
D:\GameCreation\GenesisEngine\src\GE_voxel_coupling.cpp(401,40): error : use of undeclared identifier 'clamp_q15_u16'; did you mean 'clamp_u16'? [D:\GameCreation\GenesisEngine\out\build\win64-vs2022-clang-vulkan\EigenWareCore.vcxproj]
D:\GameCreation\GenesisEngine\include\fixed_point.hpp(53,17): message : 'clamp_u16' declared here [D:\GameCreation\GenesisEngine\out\build\win64-vs2022-clang-vulkan\EigenWareCore.vcxproj]
D:\GameCreation\GenesisEngine\src\GE_voxel_coupling.cpp(500,30): error : use of undeclared identifier 'clamp_q15_u16'; did you mean 'clamp_u16'? [D:\GameCreation\GenesisEngine\out\build\win64-vs2022-clang-vulkan\EigenWareCore.vcxproj]
D:\GameCreation\GenesisEngine\include\fixed_point.hpp(53,17): message : 'clamp_u16' declared here [D:\GameCreation\GenesisEngine\out\build\win64-vs2022-clang-vulkan\EigenWareCore.vcxproj]
D:\GameCreation\GenesisEngine\src\GE_voxel_coupling.cpp(541,29): error : use of undeclared identifier 'band_from_abs_q32_32' [D:\GameCreation\GenesisEngine\out\build\win64-vs2022-clang-vulkan\EigenWareCore.vcxproj]
D:\GameCreation\GenesisEngine\src\GE_voxel_coupling.cpp(555,36): error : use of undeclared identifier 'clamp_q15_u16'; did you mean 'clamp_u16'? [D:\GameCreation\GenesisEngine\out\build\win64-vs2022-clang-vulkan\EigenWareCore.vcxproj]
D:\GameCreation\GenesisEngine\include\fixed_point.hpp(53,17): message : 'clamp_u16' declared here [D:\GameCreation\GenesisEngine\out\build\win64-vs2022-clang-vulkan\EigenWareCore.vcxproj]
D:\GameCreation\GenesisEngine\src\GE_voxel_coupling.cpp(577,41): error : use of undeclared identifier 'clamp_q15_u16'; did you mean 'clamp_u16'? [D:\GameCreation\GenesisEngine\out\build\win64-vs2022-clang-vulkan\EigenWareCore.vcxproj]
D:\GameCreation\GenesisEngine\include\fixed_point.hpp(53,17): message : 'clamp_u16' declared here [D:\GameCreation\GenesisEngine\out\build\win64-vs2022-clang-vulkan\EigenWareCore.vcxproj]
D:\GameCreation\GenesisEngine\src\GE_voxel_coupling.cpp(589,49): error : use of undeclared identifier 'band_from_q15_u16' [D:\GameCreation\GenesisEngine\out\build\win64-vs2022-clang-vulkan\EigenWareCore.vcxproj]
